Candidate config:
  span            : 6.283185307179586
  top_delta       : 2048.0
  unit            : 1.0
  theta_base      : 10000.0
  freq_scale      : 1.0
  freq_exponent   : 1.0
  boost_scale     : 1.0
  rotation_scale  : 1.0
  axis_mode       : cycle
  axis_blend      : 1.0
  block_mode      : dual_plane
  dual_freq_mode  : axis_grouped

Meta:
  candidate_name:       dual_plane_axis_grouped_exact
  dim:                  384
  reference_theta_base: 10000.0
  windows:              [64, 512, 1024, 2048]

Per-window diagnostics:
window  axial_shape  score      curve_rmse  envelope   spectrum   alias_err  ecr_cand  ecr_ref
----------------------------------------------------------------------------------------------
    64       4x4x4   0.000000    0.000000   0.000000   0.000000   0.000000      42.0     42.0
   512       8x8x8   0.000000    0.000000   0.000000   0.000000   0.000000      92.0     92.0
  1024      8x8x16   0.000000    0.000000   0.000000   0.000000   0.000000     185.0    185.0
  2048     8x16x16   0.000000    0.000000   0.000000   0.000000   0.000000     390.0    390.0

---
overall_score:          0.000000
mean_curve_rmse:        0.000000
long_context_score:     0.000000
worst_window:           64
worst_window_score:     0.000000
worst_window_curve_rmse:0.000000
window_64_score:       0.000000
window_64_curve_rmse:  0.000000
window_64_alias_error: 0.000000
window_64_ecr_cand:    42.0
window_64_ecr_ref:     42.0
window_512_score:       0.000000
window_512_curve_rmse:  0.000000
window_512_alias_error: 0.000000
window_512_ecr_cand:    92.0
window_512_ecr_ref:     92.0
window_1024_score:       0.000000
window_1024_curve_rmse:  0.000000
window_1024_alias_error: 0.000000
window_1024_ecr_cand:    185.0
window_1024_ecr_ref:     185.0
window_2048_score:       0.000000
window_2048_curve_rmse:  0.000000
window_2048_alias_error: 0.000000
window_2048_ecr_cand:    390.0
window_2048_ecr_ref:     390.0
report_json:            /home/jake/Developer/akc/run_artifacts/latest_report.json
curves_npz:             /home/jake/Developer/akc/run_artifacts/latest_curves.npz
total_seconds:          0.619
